// Jest Snapshot v1, https://goo.gl/fbAQLP

exports[`Container 1`] = `
.c0 {
  position: fixed;
  bottom: 0;
  height: 70px;
  color: #f1f1f1;
  width: 100%;
  background: #46505f;
}

<div
  className="c0"
/>
`;

exports[`FooterNav 1`] = `
.c0 {
  display: -webkit-box;
  display: -webkit-flex;
  display: -ms-flexbox;
  display: flex;
  -webkit-box-pack: end;
  -webkit-justify-content: flex-end;
  -ms-flex-pack: end;
  justify-content: flex-end;
}

<div
  className="c0"
/>
`;

exports[`FooterNavItem 1`] = `
.c0 {
  margin: 30px 30px 0px 0px;
  font-family: Merriweather;
  font-style: normal;
  font-weight: bold;
  font-size: 14px;
  display: -webkit-box;
  display: -webkit-flex;
  display: -ms-flexbox;
  display: flex;
  -webkit-align-items: center;
  -webkit-box-align: center;
  -ms-flex-align: center;
  align-items: center;
  text-align: center;
  text-transform: uppercase;
  -webkit-letter-spacing: 0.2em;
  -moz-letter-spacing: 0.2em;
  -ms-letter-spacing: 0.2em;
  letter-spacing: 0.2em;
}

<div
  className="c0"
/>
`;
